<div class="table-responsive"><table class="table table-sm table-striped table-hover table-sm align-middle"><tr class="table-primary"><th class="header" scope="col">None</th><th class="header" scope="col">mean</th><th class="header" scope="col">sd</th><th class="header" scope="col">hdi_3%</th><th class="header" scope="col">hdi_97%</th><th class="header" scope="col">mcse_mean</th><th class="header" scope="col">mcse_sd</th><th class="header" scope="col">ess_bulk</th><th class="header" scope="col">ess_tail</th><th class="header" scope="col">r_hat</th></tr><tr><th class="index " scope="row">posterior</th><td>-6252.216</td><td>437.294</td><td>-7101.322</td><td>-5768.224</td><td>162.691</td><td>120.033</td><td>7.0</td><td>7.0</td><td>—</td><tr><th class="index " scope="row">likelihood</th><td>-5482.223</td><td>403.334</td><td>-6273.078</td><td>-5038.021</td><td>150.056</td><td>110.711</td><td>7.0</td><td>7.0</td><td>—</td><tr><th class="index " scope="row">prior</th><td>-769.993</td><td>34.93</td><td>-828.244</td><td>-725.043</td><td>12.995</td><td>9.588</td><td>7.0</td><td>7.0</td><td>—</td><tr><th class="index " scope="row">treeLikelihood</th><td>-5482.223</td><td>403.334</td><td>-6273.078</td><td>-5038.021</td><td>150.056</td><td>110.711</td><td>7.0</td><td>7.0</td><td>—</td><tr><th class="index " scope="row">TreeHeight</th><td>12.35</td><td>3.135</td><td>7.824</td><td>16.528</td><td>1.166</td><td>0.86</td><td>7.0</td><td>7.0</td><td>—</td><tr><th class="index " scope="row">kappa</th><td>6.314</td><td>0.286</td><td>6.188</td><td>7.075</td><td>0.106</td><td>0.078</td><td>7.0</td><td>7.0</td><td>—</td><tr><th class="index " scope="row">gammaShape</th><td>0.235</td><td>0.024</td><td>0.196</td><td>0.269</td><td>0.009</td><td>0.006</td><td>7.0</td><td>7.0</td><td>—</td><tr><th class="index " scope="row">CoalescentExponential</th><td>-753.374</td><td>34.696</td><td>-811.176</td><td>-708.847</td><td>12.908</td><td>9.524</td><td>7.0</td><td>7.0</td><td>—</td><tr><th class="index " scope="row">ePopSize</th><td>538.885</td><td>133.929</td><td>364.59</td><td>816.848</td><td>49.827</td><td>36.762</td><td>7.0</td><td>7.0</td><td>—</td><tr><th class="index " scope="row">growthRate</th><td>0.49</td><td>0.152</td><td>0.29</td><td>0.754</td><td>0.057</td><td>0.042</td><td>7.0</td><td>7.0</td><td>—</td><tr><th class="index " scope="row">freqParameter1</th><td>0.329</td><td>0.022</td><td>0.301</td><td>0.359</td><td>0.008</td><td>0.006</td><td>7.0</td><td>7.0</td><td>—</td><tr><th class="index " scope="row">freqParameter2</th><td>0.199</td><td>0.007</td><td>0.196</td><td>0.217</td><td>0.003</td><td>0.002</td><td>7.0</td><td>7.0</td><td>—</td><tr><th class="index " scope="row">freqParameter3</th><td>0.226</td><td>0.008</td><td>0.215</td><td>0.236</td><td>0.003</td><td>0.002</td><td>7.0</td><td>7.0</td><td>—</td><tr><th class="index " scope="row">freqParameter4</th><td>0.246</td><td>0.012</td><td>0.23</td><td>0.259</td><td>0.004</td><td>0.003</td><td>7.0</td><td>7.0</td><td>—</td></tr></table></div>