<div class="table-responsive"><table class="table table-sm table-striped table-hover table-sm align-middle"><tr class="table-primary"><th class="header" scope="col">None</th><th class="header" scope="col">mean</th><th class="header" scope="col">sd</th><th class="header" scope="col">hdi_3%</th><th class="header" scope="col">hdi_97%</th><th class="header" scope="col">mcse_mean</th><th class="header" scope="col">mcse_sd</th><th class="header" scope="col">ess_bulk</th><th class="header" scope="col">ess_tail</th><th class="header" scope="col">r_hat</th></tr><tr><th class="index " scope="row">posterior</th><td>-6809.032</td><td>731.519</td><td>-7978.53</td><td>-5906.084</td><td>272.154</td><td>200.794</td><td>7.0</td><td>7.0</td><td>—</td><tr><th class="index " scope="row">likelihood</th><td>-6034.839</td><td>697.699</td><td>-7159.117</td><td>-5170.004</td><td>259.572</td><td>191.511</td><td>7.0</td><td>7.0</td><td>—</td><tr><th class="index " scope="row">prior</th><td>-774.193</td><td>35.785</td><td>-821.09</td><td>-736.08</td><td>13.313</td><td>9.823</td><td>7.0</td><td>7.0</td><td>—</td><tr><th class="index " scope="row">treeLikelihood</th><td>-6034.839</td><td>697.699</td><td>-7159.117</td><td>-5170.004</td><td>259.572</td><td>191.511</td><td>7.0</td><td>7.0</td><td>—</td><tr><th class="index " scope="row">TreeHeight</th><td>17.643</td><td>7.106</td><td>10.151</td><td>30.945</td><td>2.644</td><td>1.951</td><td>7.0</td><td>7.0</td><td>—</td><tr><th class="index " scope="row">kappa</th><td>5.539</td><td>1.894</td><td>2.471</td><td>8.972</td><td>0.705</td><td>0.52</td><td>7.0</td><td>7.0</td><td>—</td><tr><th class="index " scope="row">gammaShape</th><td>0.473</td><td>0.139</td><td>0.308</td><td>0.589</td><td>0.052</td><td>0.038</td><td>7.0</td><td>7.0</td><td>—</td><tr><th class="index " scope="row">CoalescentExponential</th><td>-758.295</td><td>36.222</td><td>-805.318</td><td>-719.401</td><td>13.476</td><td>9.943</td><td>7.0</td><td>7.0</td><td>—</td><tr><th class="index " scope="row">ePopSize</th><td>262.213</td><td>66.829</td><td>188.942</td><td>369.046</td><td>24.863</td><td>18.344</td><td>7.0</td><td>7.0</td><td>—</td><tr><th class="index " scope="row">growthRate</th><td>0.292</td><td>0.162</td><td>0.11</td><td>0.543</td><td>0.06</td><td>0.044</td><td>7.0</td><td>7.0</td><td>—</td><tr><th class="index " scope="row">freqParameter1</th><td>0.268</td><td>0.004</td><td>0.261</td><td>0.272</td><td>0.002</td><td>0.001</td><td>7.0</td><td>7.0</td><td>—</td><tr><th class="index " scope="row">freqParameter2</th><td>0.236</td><td>0.003</td><td>0.233</td><td>0.241</td><td>0.001</td><td>0.001</td><td>7.0</td><td>7.0</td><td>—</td><tr><th class="index " scope="row">freqParameter3</th><td>0.242</td><td>0.006</td><td>0.234</td><td>0.247</td><td>0.002</td><td>0.002</td><td>7.0</td><td>7.0</td><td>—</td><tr><th class="index " scope="row">freqParameter4</th><td>0.254</td><td>0.003</td><td>0.251</td><td>0.259</td><td>0.001</td><td>0.001</td><td>7.0</td><td>7.0</td><td>—</td></tr></table></div>